node.exe : [1m[33m[ba
seline-browser-mapping]
 The data in this 
module is over two 
months old.  To ensure 
accurate Baseline 
data, please update: 
`npm i baseline-browser
-mapping@latest 
-D`[39m[22m
At line:1 char:1
+ & "C:\Program 
Files\nodejs/node.exe" 
"C:\Program 
Files\nodejs/node_mo 
...
+ ~~~~~~~~~~~~~~~~~~~~~
~~~~~~~~~~~~~~~~~~~~~~~
~~~~~~~~~~~~~~~~~~~~~~~
~~
    + CategoryInfo     
         : NotSpecifi  
  ed: ([1m[33m[bas   
 el...t -D`[39m[2    
2m:String) [], Rem    
oteException
    + FullyQualifiedEr 
   rorId : NativeComm  
  andError
 
[33mÔØ»[39m Building...
[32mÔ£ö[39m Building...
Application bundle generation failed. [15.719 seconds] - 2026-02-26T20:16:54.178Z

[1m[33m[33mÔû▓ [43;
33m[[43;30mWARNING[43
;33m][0m [1mNG8113: 
RouterLink is not used 
within the template of 
SupervisorDashboardComp
onent[0m 
[1m[35m[plugin 
angular-compiler][0m

    src/app/pages/super
visor/dashboard/supervi
sor-dashboard.component
.ts:13:26:
[37m      13 Ôöé   
imports: 
[CommonModule, 
[32mRouterLink[37m, 
LucideAngularModule],
         ÔòÁ           
                
[32m~~~~~~~~~~[0m


[33mÔû▓ [43;33m[[43;
30mWARNING[43;33m][0m
 [1mDeprecation[0m 
[1m[35m[plugin 
angular-sass][0m

    src/app/pages/admin
/caminhoes/caminhoes.co
mponent.scss:2:8:
[37m      2 Ôöé 
@import [32m[37m'../m
otoristas/motoristas.co
mponent.scss';
        ÔòÁ         
[32m^[0m


  Sass @import rules 
are deprecated and 
will be removed in 
Dart Sass 3.0.0.
  
  More info and 
automated migrator: [4
mhttps://sass-lang.com/
d/import[0m

[39m[22m
[1m[31m[31mX [41;31
m[[41;97mERROR[41;31m
][0m [1mTS2551: 
Property 'users' does 
not exist on type '{ 
dashboard: 
LucideIconData; 
ticket: 
LucideIconData; 
settings: 
LucideIconData; 
monitor: 
LucideIconData; 
logout: 
LucideIconData; menu: 
LucideIconData; user: 
LucideIconData; 
calendar: 
LucideIconData; }'. 
Did you mean 
'user'?[0m 
[1m[35m[plugin 
angular-compiler][0m

    src/app/layouts/adm
in-layout/admin-layout.
component.html:21:34:
[37m      21 Ôöé      
   <lucide-icon [img]="
icons.[32musers[37m">
</lucide-icon>
         ÔòÁ           
                       
 [32m~~~~~[0m

  Error occurs in the 
template of component 
AdminLayoutComponent.

    src/app/layouts/adm
in-layout/admin-layout.
component.ts:10:15:
[37m      10 Ôöé   
templateUrl: [32m'./ad
min-layout.component.ht
ml'[37m,
         ÔòÁ           
     [32m~~~~~~~~~~~~~
~~~~~~~~~~~~~~~~~~[0m


[31mX [41;31m[[41;97
mERROR[41;31m][0m 
[1mTS2339: Property 
'truck' does not exist 
on type '{ dashboard: 
LucideIconData; 
ticket: 
LucideIconData; 
settings: 
LucideIconData; 
monitor: 
LucideIconData; 
logout: 
LucideIconData; menu: 
LucideIconData; user: 
LucideIconData; 
calendar: 
LucideIconData; 
}'.[0m 
[1m[35m[plugin 
angular-compiler][0m

    src/app/layouts/adm
in-layout/admin-layout.
component.html:26:34:
[37m      26 Ôöé      
   <lucide-icon [img]="
icons.[32mtruck[37m">
</lucide-icon>
         ÔòÁ           
                       
 [32m~~~~~[0m

  Error occurs in the 
template of component 
AdminLayoutComponent.

    src/app/layouts/adm
in-layout/admin-layout.
component.ts:10:15:
[37m      10 Ôöé   
templateUrl: [32m'./ad
min-layout.component.ht
ml'[37m,
         ÔòÁ           
     [32m~~~~~~~~~~~~~
~~~~~~~~~~~~~~~~~~[0m


[31mX [41;31m[[41;97
mERROR[41;31m][0m 
[1mTS2339: Property 
'briefcase' does not 
exist on type '{ 
search: 
LucideIconData; plus: 
LucideIconData; edit2: 
LucideIconData; 
trash2: 
LucideIconData; x: 
LucideIconData; truck: 
LucideIconData; 
userCircle: 
LucideIconData; hash: 
LucideIconData; 
}'.[0m 
[1m[35m[plugin 
angular-compiler][0m

    src/app/pages/admin
/caminhoes/caminhoes.co
mponent.html:47:50:
[37m      47 Ôöé ...  
   <lucide-icon [img]="
icons.[32mbriefcase[3
7m" size="16"></lucide-
icon>
         ÔòÁ           
                       
 [32m~~~~~~~~~[0m

  Error occurs in the 
template of component 
CaminhoesComponent.

    src/app/pages/admin
/caminhoes/caminhoes.co
mponent.ts:13:17:
[37m      13 Ôöé     
templateUrl: [32m'./ca
minhoes.component.html'
[37m,
         ÔòÁ           
       [32m~~~~~~~~~~~
~~~~~~~~~~~~~~~~~[0m

[39m[22m
